// Jest Snapshot v1, https://goo.gl/fbAQLP

exports[`CardLinkBox component renders correctly, corresponds to the snapshot 1`] = `
<div
  className="MuiBox-root css-xi606m"
>
  <div
    className="MuiDivider-root MuiDivider-fullWidth MuiDivider-withChildren css-16qoh2c-MuiDivider-root"
    role="separator"
  >
    <span
      className="MuiDivider-wrapper css-qywfm8-MuiDivider-wrapper"
    >
      <p
        className="MuiTypography-root MuiTypography-body2 css-r40f8v-MuiTypography-root"
      >
        All Deployed Escrows
      </p>
    </span>
  </div>
  <a
    className="MuiTypography-root MuiTypography-inherit MuiTypography-alignCenter MuiLink-root MuiLink-underlineAlways css-1qm1xlu-MuiTypography-root-MuiLink-root"
    href="Url"
    onBlur={[Function]}
    onFocus={[Function]}
    rel="noreferrer"
    target="_blank"
  />
</div>
`;
